1/103 hermes_026 FAIL
2/103 hermes_015 PASS
3/103 hermes_045 FAIL
4/103 hermes_013 PASS
5/103 hermes_037 PASS
6/103 basic_calc PASS
7/103 hermes_056 PASS
8/103 hermes_058 FAIL
9/103 hermes_060 PASS
10/103 no_tool PASS
11/103 hermes_066 FAIL
12/103 hermes_022 PASS
13/103 hermes_011 PASS
14/103 hermes_053 PASS
15/103 flight_nested_two PASS
16/103 hermes_050 PASS
17/103 hermes_017 FAIL
18/103 hermes_077 PASS
19/103 hermes_040 PASS
20/103 hermes_027 FAIL
21/103 hermes_005 PASS
22/103 missing_flight PASS
23/103 hermes_033 PASS
24/103 hermes_048 FAIL
25/103 hermes_023 FAIL
26/103 hermes_062 PASS
27/103 hermes_057 PASS
28/103 hermes_000 PASS
29/103 hermes_044 FAIL
30/103 hermes_051 FAIL
31/103 hermes_014 FAIL
32/103 basic_weather PASS
33/103 hermes_049 FAIL
34/103 hermes_078 FAIL
35/103 hermes_059 FAIL
36/103 missing_weather_unit PASS
37/103 multi_round_final FAIL
38/103 hermes_071 FAIL
39/103 multi_tool_request PASS
40/103 plain_math_no_tool PASS
41/103 weather_fahrenheit PASS
42/103 error_recovery PASS
43/103 multi_round_retry FAIL
44/103 hermes_029 PASS
45/103 hermes_038 FAIL
46/103 no_tool_knowledge PASS
47/103 hermes_073 PASS
48/103 hermes_024 FAIL
49/103 hermes_039 PASS
50/103 hermes_025 FAIL
51/103 hermes_069 PASS
52/103 hermes_031 FAIL
53/103 hermes_054 FAIL
54/103 hermes_028 FAIL
55/103 hermes_052 PASS
56/103 hermes_064 FAIL
57/103 hermes_034 PASS
58/103 hermes_008 FAIL
59/103 hermes_068 FAIL
60/103 hermes_004 PASS
61/103 calc_expression PASS
62/103 hermes_075 PASS
63/103 hermes_018 FAIL
64/103 candidate_calc PASS
65/103 complex_search PASS
66/103 hermes_061 FAIL
67/103 hermes_009 FAIL
68/103 hermes_021 FAIL
69/103 hermes_076 PASS
70/103 hermes_020 FAIL
71/103 hermes_010 PASS
72/103 hermes_041 FAIL
73/103 hermes_030 FAIL
74/103 hermes_002 PASS
75/103 hermes_006 FAIL
76/103 hermes_079 FAIL
77/103 search_top_ten PASS
78/103 hermes_003 FAIL
79/103 hermes_047 FAIL
80/103 hermes_063 FAIL
81/103 nested_flight PASS
82/103 chinese_search PASS
83/103 hermes_065 FAIL
84/103 hermes_001 FAIL
85/103 chinese_weather PASS
86/103 hermes_012 PASS
87/103 hermes_074 PASS
88/103 hermes_046 FAIL
89/103 candidate_weather PASS
90/103 hermes_035 PASS
91/103 hermes_067 FAIL
92/103 hermes_007 FAIL
93/103 hermes_072 FAIL
94/103 hermes_032 FAIL
95/103 hermes_055 FAIL
96/103 hermes_036 FAIL
97/103 hermes_019 PASS
98/103 hermes_043 FAIL
99/103 weather_shenzhen PASS
100/103 hermes_016 FAIL
101/103 search_one PASS
102/103 hermes_042 PASS
103/103 hermes_070 FAIL
TOOLCALL_EVAL_DONE passed=53/103 output=experiments/2026-08-13-base-toolcall-baseline/results/base-toolcall-103.json
